<?xml version="1.0" encoding="UTF-8"?>
<testsuites name="jest tests" tests="1" failures="0" errors="0" time="8.222">
  <testsuite name="App" errors="0" failures="0" skipped="0" timestamp="2024-04-11T11:02:04" time="7.546" tests="1">
    <testcase classname="App renders correctly" name="App renders correctly" time="5.221">
    </testcase>
  </testsuite>
</testsuites>